This is pdfTeX, Version 3.141592653-2.6-1.40.27 (TeX Live 2025) (preloaded format=pdflatex 2026.1.13)  22 FEB 2026 21:27
entering extended mode
 restricted \write18 enabled.
 %&-line parsing enabled.
**main.tex
(./main.tex
LaTeX2e <2024-11-01> patch level 2
L3 programming layer <2025-01-18>

(/Volumes/SSD_M2_SATA_1TB/usr/local/texlive/2025/texmf-dist/tex/latex/base/repo
rt.cls
Document Class: report 2024/06/29 v1.4n Standard LaTeX document class

(/Volumes/SSD_M2_SATA_1TB/usr/local/texlive/2025/texmf-dist/tex/latex/base/size
12.clo
File: size12.clo 2024/06/29 v1.4n Standard LaTeX file (size option)
)
\c@part=\count196
\c@chapter=\count197
\c@section=\count198
\c@subsection=\count199
\c@subsubsection=\count266
\c@paragraph=\count267
\c@subparagraph=\count268
\c@figure=\count269
\c@table=\count270
\abovecaptionskip=\skip49
\belowcaptionskip=\skip50
\bibindent=\dimen141
)
(/Volumes/SSD_M2_SATA_1TB/usr/local/texlive/2025/texmf-dist/tex/latex/base/font
enc.sty
Package: fontenc 2021/04/29 v2.0v Standard LaTeX package

(/Volumes/SSD_M2_SATA_1TB/usr/local/texlive/2025/texmf-dist/tex/latex/vntex/t5e
nc.def
File: t5enc.def 2006/11/21 v1.4 Vietnamese T5 encoding
Now handling font encoding T5 ...
... processing UTF-8 mapping file for font encoding T5

(/Volumes/SSD_M2_SATA_1TB/usr/local/texlive/2025/texmf-dist/tex/latex/vntex/t5e
nc.dfu
File: t5enc.dfu 2006/08/19 v1.1 UTF8 support for Vietnamese
   defining Unicode char U+00AB (decimal 171)
   defining Unicode char U+00BB (decimal 187)
   defining Unicode char U+00C0 (decimal 192)
   defining Unicode char U+00C1 (decimal 193)
   defining Unicode char U+00C2 (decimal 194)
   defining Unicode char U+00C3 (decimal 195)
   defining Unicode char U+00C8 (decimal 200)
   defining Unicode char U+00C9 (decimal 201)
   defining Unicode char U+00CA (decimal 202)
   defining Unicode char U+00CC (decimal 204)
   defining Unicode char U+00CD (decimal 205)
   defining Unicode char U+00D2 (decimal 210)
   defining Unicode char U+00D3 (decimal 211)
   defining Unicode char U+00D4 (decimal 212)
   defining Unicode char U+00D5 (decimal 213)
   defining Unicode char U+00D9 (decimal 217)
   defining Unicode char U+00DA (decimal 218)
   defining Unicode char U+00DD (decimal 221)
   defining Unicode char U+00E0 (decimal 224)
   defining Unicode char U+00E1 (decimal 225)
   defining Unicode char U+00E2 (decimal 226)
   defining Unicode char U+00E3 (decimal 227)
   defining Unicode char U+00E8 (decimal 232)
   defining Unicode char U+00E9 (decimal 233)
   defining Unicode char U+00EA (decimal 234)
   defining Unicode char U+00EC (decimal 236)
   defining Unicode char U+00ED (decimal 237)
   defining Unicode char U+00F2 (decimal 242)
   defining Unicode char U+00F3 (decimal 243)
   defining Unicode char U+00F4 (decimal 244)
   defining Unicode char U+00F5 (decimal 245)
   defining Unicode char U+00F9 (decimal 249)
   defining Unicode char U+00FA (decimal 250)
   defining Unicode char U+00FD (decimal 253)
   defining Unicode char U+0102 (decimal 258)
   defining Unicode char U+0103 (decimal 259)
   defining Unicode char U+0110 (decimal 272)
   defining Unicode char U+0111 (decimal 273)
   defining Unicode char U+0128 (decimal 296)
   defining Unicode char U+0129 (decimal 297)
   defining Unicode char U+0131 (decimal 305)
   defining Unicode char U+0168 (decimal 360)
   defining Unicode char U+0169 (decimal 361)
   defining Unicode char U+01A0 (decimal 416)
   defining Unicode char U+01A1 (decimal 417)
   defining Unicode char U+01AF (decimal 431)
   defining Unicode char U+01B0 (decimal 432)
   defining Unicode char U+1EA0 (decimal 7840)
   defining Unicode char U+1EA1 (decimal 7841)
   defining Unicode char U+1EA2 (decimal 7842)
   defining Unicode char U+1EA3 (decimal 7843)
   defining Unicode char U+1EA4 (decimal 7844)
   defining Unicode char U+1EA5 (decimal 7845)
   defining Unicode char U+1EA6 (decimal 7846)
   defining Unicode char U+1EA7 (decimal 7847)
   defining Unicode char U+1EA8 (decimal 7848)
   defining Unicode char U+1EA9 (decimal 7849)
   defining Unicode char U+1EAA (decimal 7850)
   defining Unicode char U+1EAB (decimal 7851)
   defining Unicode char U+1EAC (decimal 7852)
   defining Unicode char U+1EAD (decimal 7853)
   defining Unicode char U+1EAE (decimal 7854)
   defining Unicode char U+1EAF (decimal 7855)
   defining Unicode char U+1EB0 (decimal 7856)
   defining Unicode char U+1EB1 (decimal 7857)
   defining Unicode char U+1EB2 (decimal 7858)
   defining Unicode char U+1EB3 (decimal 7859)
   defining Unicode char U+1EB4 (decimal 7860)
   defining Unicode char U+1EB5 (decimal 7861)
   defining Unicode char U+1EB6 (decimal 7862)
   defining Unicode char U+1EB7 (decimal 7863)
   defining Unicode char U+1EB8 (decimal 7864)
   defining Unicode char U+1EB9 (decimal 7865)
   defining Unicode char U+1EBA (decimal 7866)
   defining Unicode char U+1EBB (decimal 7867)
   defining Unicode char U+1EBC (decimal 7868)
   defining Unicode char U+1EBD (decimal 7869)
   defining Unicode char U+1EBE (decimal 7870)
   defining Unicode char U+1EBF (decimal 7871)
   defining Unicode char U+1EC0 (decimal 7872)
   defining Unicode char U+1EC1 (decimal 7873)
   defining Unicode char U+1EC2 (decimal 7874)
   defining Unicode char U+1EC3 (decimal 7875)
   defining Unicode char U+1EC4 (decimal 7876)
   defining Unicode char U+1EC5 (decimal 7877)
   defining Unicode char U+1EC6 (decimal 7878)
   defining Unicode char U+1EC7 (decimal 7879)
   defining Unicode char U+1EC8 (decimal 7880)
   defining Unicode char U+1EC9 (decimal 7881)
   defining Unicode char U+1ECA (decimal 7882)
   defining Unicode char U+1ECB (decimal 7883)
   defining Unicode char U+1ECC (decimal 7884)
   defining Unicode char U+1ECD (decimal 7885)
   defining Unicode char U+1ECE (decimal 7886)
   defining Unicode char U+1ECF (decimal 7887)
   defining Unicode char U+1ED0 (decimal 7888)
   defining Unicode char U+1ED1 (decimal 7889)
   defining Unicode char U+1ED2 (decimal 7890)
   defining Unicode char U+1ED3 (decimal 7891)
   defining Unicode char U+1ED4 (decimal 7892)
   defining Unicode char U+1ED5 (decimal 7893)
   defining Unicode char U+1ED6 (decimal 7894)
   defining Unicode char U+1ED7 (decimal 7895)
   defining Unicode char U+1ED8 (decimal 7896)
   defining Unicode char U+1ED9 (decimal 7897)
   defining Unicode char U+1EDA (decimal 7898)
   defining Unicode char U+1EDB (decimal 7899)
   defining Unicode char U+1EDC (decimal 7900)
   defining Unicode char U+1EDD (decimal 7901)
   defining Unicode char U+1EDE (decimal 7902)
   defining Unicode char U+1EDF (decimal 7903)
   defining Unicode char U+1EE0 (decimal 7904)
   defining Unicode char U+1EE1 (decimal 7905)
   defining Unicode char U+1EE2 (decimal 7906)
   defining Unicode char U+1EE3 (decimal 7907)
   defining Unicode char U+1EE4 (decimal 7908)
   defining Unicode char U+1EE5 (decimal 7909)
   defining Unicode char U+1EE6 (decimal 7910)
   defining Unicode char U+1EE7 (decimal 7911)
   defining Unicode char U+1EE8 (decimal 7912)
   defining Unicode char U+1EE9 (decimal 7913)
   defining Unicode char U+1EEA (decimal 7914)
   defining Unicode char U+1EEB (decimal 7915)
   defining Unicode char U+1EEC (decimal 7916)
   defining Unicode char U+1EED (decimal 7917)
   defining Unicode char U+1EEE (decimal 7918)
   defining Unicode char U+1EEF (decimal 7919)
   defining Unicode char U+1EF0 (decimal 7920)
   defining Unicode char U+1EF1 (decimal 7921)
   defining Unicode char U+1EF2 (decimal 7922)
   defining Unicode char U+1EF3 (decimal 7923)
   defining Unicode char U+1EF4 (decimal 7924)
   defining Unicode char U+1EF5 (decimal 7925)
   defining Unicode char U+1EF6 (decimal 7926)
   defining Unicode char U+1EF7 (decimal 7927)
   defining Unicode char U+1EF8 (decimal 7928)
   defining Unicode char U+1EF9 (decimal 7929)
   defining Unicode char U+200C (decimal 8204)
   defining Unicode char U+2013 (decimal 8211)
   defining Unicode char U+2014 (decimal 8212)
   defining Unicode char U+2018 (decimal 8216)
   defining Unicode char U+2019 (decimal 8217)
   defining Unicode char U+201A (decimal 8218)
   defining Unicode char U+201C (decimal 8220)
   defining Unicode char U+201D (decimal 8221)
   defining Unicode char U+201E (decimal 8222)
   defining Unicode char U+2030 (decimal 8240)
   defining Unicode char U+2031 (decimal 8241)
   defining Unicode char U+2039 (decimal 8249)
   defining Unicode char U+203A (decimal 8250)
   defining Unicode char U+2423 (decimal 9251)
))
LaTeX Font Info:    Trying to load font information for T5+cmr on input line 11
6.

(/Volumes/SSD_M2_SATA_1TB/usr/local/texlive/2025/texmf-dist/tex/latex/vntex/t5c
mr.fd
File: t5cmr.fd 1999/05/25 v2.5h Standard LaTeX font definitions
))
(/Volumes/SSD_M2_SATA_1TB/usr/local/texlive/2025/texmf-dist/tex/latex/base/inpu
tenc.sty
Package: inputenc 2024/02/08 v1.3d Input encoding file
\inpenc@prehook=\toks17
\inpenc@posthook=\toks18
)
(/Volumes/SSD_M2_SATA_1TB/usr/local/texlive/2025/texmf-dist/tex/generic/babel/b
abel.sty
Package: babel 2025/02/14 v25.4 The multilingual framework for pdfLaTeX, LuaLaT
eX and XeLaTeX
\babel@savecnt=\count271
\U@D=\dimen142
\l@unhyphenated=\language90

(/Volumes/SSD_M2_SATA_1TB/usr/local/texlive/2025/texmf-dist/tex/generic/babel/t
xtbabel.def)
\bbl@readstream=\read2
\bbl@dirlevel=\count272

(/Volumes/SSD_M2_SATA_1TB/usr/local/texlive/2025/texmf-dist/tex/generic/babel-v
ietnamese/vietnamese.ldf
Language: vietnamese 
 Loading definitions for the Vietnamese font encoding
(/Volumes/SSD_M2_SATA_1TB/usr/local/texlive/2025/texmf-dist/tex/latex/vntex/t5e
nc.def
File: t5enc.def 2006/11/21 v1.4 Vietnamese T5 encoding
LaTeX Font Info:    Redeclaring font encoding T5 on input line 75.
)
Package babel Info: Making " an active character on input line 147.
)
(/Volumes/SSD_M2_SATA_1TB/usr/local/texlive/2025/texmf-dist/tex/generic/babel-e
nglish/english.ldf
Language: english 2017/06/06 v3.3r English support from the babel system
Package babel Info: Hyphen rules for 'canadian' set to \l@english
(babel)             (\language0). Reported on input line 102.
Package babel Info: Hyphen rules for 'australian' set to \l@ukenglish
(babel)             (\language22). Reported on input line 105.
Package babel Info: Hyphen rules for 'newzealand' set to \l@ukenglish
(babel)             (\language22). Reported on input line 108.
))
(/Volumes/SSD_M2_SATA_1TB/usr/local/texlive/2025/texmf-dist/tex/generic/babel/l
ocale/en/babel-english.tex
Package babel Info: Importing font and identification data for english
(babel)             from babel-en.ini. Reported on input line 11.
)
(/Volumes/SSD_M2_SATA_1TB/usr/local/texlive/2025/texmf-dist/tex/generic/babel/l
ocale/vi/babel-vietnamese.tex
Package babel Info: Importing font and identification data for vietnamese
(babel)             from babel-vi.ini. Reported on input line 11.
)
(/Volumes/SSD_M2_SATA_1TB/usr/local/texlive/2025/texmf-dist/tex/latex/graphics/
graphicx.sty
Package: graphicx 2021/09/16 v1.2d Enhanced LaTeX Graphics (DPC,SPQR)

(/Volumes/SSD_M2_SATA_1TB/usr/local/texlive/2025/texmf-dist/tex/latex/graphics/
keyval.sty
Package: keyval 2022/05/29 v1.15 key=value parser (DPC)
\KV@toks@=\toks19
)
(/Volumes/SSD_M2_SATA_1TB/usr/local/texlive/2025/texmf-dist/tex/latex/graphics/
graphics.sty
Package: graphics 2024/08/06 v1.4g Standard LaTeX Graphics (DPC,SPQR)

(/Volumes/SSD_M2_SATA_1TB/usr/local/texlive/2025/texmf-dist/tex/latex/graphics/
trig.sty
Package: trig 2023/12/02 v1.11 sin cos tan (DPC)
)
(/Volumes/SSD_M2_SATA_1TB/usr/local/texlive/2025/texmf-dist/tex/latex/graphics-
cfg/graphics.cfg
File: graphics.cfg 2016/06/04 v1.11 sample graphics configuration
)
Package graphics Info: Driver file: pdftex.def on input line 106.

(/Volumes/SSD_M2_SATA_1TB/usr/local/texlive/2025/texmf-dist/tex/latex/graphics-
def/pdftex.def
File: pdftex.def 2024/04/13 v1.2c Graphics/color driver for pdftex
))
\Gin@req@height=\dimen143
\Gin@req@width=\dimen144
)
(/Volumes/SSD_M2_SATA_1TB/usr/local/texlive/2025/texmf-dist/tex/latex/float/flo
at.sty
Package: float 2001/11/08 v1.3d Float enhancements (AL)
\c@float@type=\count273
\float@exts=\toks20
\float@box=\box52
\@float@everytoks=\toks21
\@floatcapt=\box53
)
(/Volumes/SSD_M2_SATA_1TB/usr/local/texlive/2025/texmf-dist/tex/latex/hyperref/
hyperref.sty
Package: hyperref 2024-11-05 v7.01l Hypertext links for LaTeX

(/Volumes/SSD_M2_SATA_1TB/usr/local/texlive/2025/texmf-dist/tex/generic/iftex/i
ftex.sty
Package: iftex 2024/12/12 v1.0g TeX engine tests
)
(/Volumes/SSD_M2_SATA_1TB/usr/local/texlive/2025/texmf-dist/tex/latex/kvsetkeys
/kvsetkeys.sty
Package: kvsetkeys 2022-10-05 v1.19 Key value parser (HO)
)
(/Volumes/SSD_M2_SATA_1TB/usr/local/texlive/2025/texmf-dist/tex/generic/kvdefin
ekeys/kvdefinekeys.sty
Package: kvdefinekeys 2019-12-19 v1.6 Define keys (HO)
)
(/Volumes/SSD_M2_SATA_1TB/usr/local/texlive/2025/texmf-dist/tex/generic/pdfesca
pe/pdfescape.sty
Package: pdfescape 2019/12/09 v1.15 Implements pdfTeX's escape features (HO)

(/Volumes/SSD_M2_SATA_1TB/usr/local/texlive/2025/texmf-dist/tex/generic/ltxcmds
/ltxcmds.sty
Package: ltxcmds 2023-12-04 v1.26 LaTeX kernel commands for general use (HO)
)
(/Volumes/SSD_M2_SATA_1TB/usr/local/texlive/2025/texmf-dist/tex/generic/pdftexc
mds/pdftexcmds.sty
Package: pdftexcmds 2020-06-27 v0.33 Utility functions of pdfTeX for LuaTeX (HO
)

(/Volumes/SSD_M2_SATA_1TB/usr/local/texlive/2025/texmf-dist/tex/generic/infware
rr/infwarerr.sty
Package: infwarerr 2019/12/03 v1.5 Providing info/warning/error messages (HO)
)
Package pdftexcmds Info: \pdf@primitive is available.
Package pdftexcmds Info: \pdf@ifprimitive is available.
Package pdftexcmds Info: \pdfdraftmode found.
))
(/Volumes/SSD_M2_SATA_1TB/usr/local/texlive/2025/texmf-dist/tex/latex/hycolor/h
ycolor.sty
Package: hycolor 2020-01-27 v1.10 Color options for hyperref/bookmark (HO)
)
(/Volumes/SSD_M2_SATA_1TB/usr/local/texlive/2025/texmf-dist/tex/latex/hyperref/
nameref.sty
Package: nameref 2023-11-26 v2.56 Cross-referencing by name of section

(/Volumes/SSD_M2_SATA_1TB/usr/local/texlive/2025/texmf-dist/tex/latex/refcount/
refcount.sty
Package: refcount 2019/12/15 v3.6 Data extraction from label references (HO)
)
(/Volumes/SSD_M2_SATA_1TB/usr/local/texlive/2025/texmf-dist/tex/generic/gettitl
estring/gettitlestring.sty
Package: gettitlestring 2019/12/15 v1.6 Cleanup title references (HO)

(/Volumes/SSD_M2_SATA_1TB/usr/local/texlive/2025/texmf-dist/tex/latex/kvoptions
/kvoptions.sty
Package: kvoptions 2022-06-15 v3.15 Key value format for package options (HO)
))
\c@section@level=\count274
)
(/Volumes/SSD_M2_SATA_1TB/usr/local/texlive/2025/texmf-dist/tex/latex/etoolbox/
etoolbox.sty
Package: etoolbox 2025/02/11 v2.5l e-TeX tools for LaTeX (JAW)
\etb@tempcnta=\count275
)
(/Volumes/SSD_M2_SATA_1TB/usr/local/texlive/2025/texmf-dist/tex/generic/stringe
nc/stringenc.sty
Package: stringenc 2019/11/29 v1.12 Convert strings between diff. encodings (HO
)
)
\@linkdim=\dimen145
\Hy@linkcounter=\count276
\Hy@pagecounter=\count277

(/Volumes/SSD_M2_SATA_1TB/usr/local/texlive/2025/texmf-dist/tex/latex/hyperref/
pd1enc.def
File: pd1enc.def 2024-11-05 v7.01l Hyperref: PDFDocEncoding definition (HO)
Now handling font encoding PD1 ...
... no UTF-8 mapping file for font encoding PD1
)
(/Volumes/SSD_M2_SATA_1TB/usr/local/texlive/2025/texmf-dist/tex/generic/intcalc
/intcalc.sty
Package: intcalc 2019/12/15 v1.3 Expandable calculations with integers (HO)
)
\Hy@SavedSpaceFactor=\count278

(/Volumes/SSD_M2_SATA_1TB/usr/local/texlive/2025/texmf-dist/tex/latex/hyperref/
puenc.def
File: puenc.def 2024-11-05 v7.01l Hyperref: PDF Unicode definition (HO)
Now handling font encoding PU ...
... no UTF-8 mapping file for font encoding PU
)
Package hyperref Info: Hyper figures OFF on input line 4157.
Package hyperref Info: Link nesting OFF on input line 4162.
Package hyperref Info: Hyper index ON on input line 4165.
Package hyperref Info: Plain pages OFF on input line 4172.
Package hyperref Info: Backreferencing OFF on input line 4177.
Package hyperref Info: Implicit mode ON; LaTeX internals redefined.
Package hyperref Info: Bookmarks ON on input line 4424.
\c@Hy@tempcnt=\count279

(/Volumes/SSD_M2_SATA_1TB/usr/local/texlive/2025/texmf-dist/tex/latex/url/url.s
ty
\Urlmuskip=\muskip17
Package: url 2013/09/16  ver 3.4  Verb mode for urls, etc.
)
LaTeX Info: Redefining \url on input line 4763.
\XeTeXLinkMargin=\dimen146

(/Volumes/SSD_M2_SATA_1TB/usr/local/texlive/2025/texmf-dist/tex/generic/bitset/
bitset.sty
Package: bitset 2019/12/09 v1.3 Handle bit-vector datatype (HO)

(/Volumes/SSD_M2_SATA_1TB/usr/local/texlive/2025/texmf-dist/tex/generic/bigintc
alc/bigintcalc.sty
Package: bigintcalc 2019/12/15 v1.5 Expandable calculations on big integers (HO
)
))
\Fld@menulength=\count280
\Field@Width=\dimen147
\Fld@charsize=\dimen148
Package hyperref Info: Hyper figures OFF on input line 6042.
Package hyperref Info: Link nesting OFF on input line 6047.
Package hyperref Info: Hyper index ON on input line 6050.
Package hyperref Info: backreferencing OFF on input line 6057.
Package hyperref Info: Link coloring OFF on input line 6062.
Package hyperref Info: Link coloring with OCG OFF on input line 6067.
Package hyperref Info: PDF/A mode OFF on input line 6072.

(/Volumes/SSD_M2_SATA_1TB/usr/local/texlive/2025/texmf-dist/tex/latex/base/atbe
gshi-ltx.sty
Package: atbegshi-ltx 2021/01/10 v1.0c Emulation of the original atbegshi
package with kernel methods
)
\Hy@abspage=\count281
\c@Item=\count282
\c@Hfootnote=\count283
)
Package hyperref Info: Driver (autodetected): hpdftex.

(/Volumes/SSD_M2_SATA_1TB/usr/local/texlive/2025/texmf-dist/tex/latex/hyperref/
hpdftex.def
File: hpdftex.def 2024-11-05 v7.01l Hyperref driver for pdfTeX

(/Volumes/SSD_M2_SATA_1TB/usr/local/texlive/2025/texmf-dist/tex/latex/base/atve
ryend-ltx.sty
Package: atveryend-ltx 2020/08/19 v1.0a Emulation of the original atveryend pac
kage
with kernel methods
)
\Fld@listcount=\count284
\c@bookmark@seq@number=\count285

(/Volumes/SSD_M2_SATA_1TB/usr/local/texlive/2025/texmf-dist/tex/latex/rerunfile
check/rerunfilecheck.sty
Package: rerunfilecheck 2022-07-10 v1.10 Rerun checks for auxiliary files (HO)

(/Volumes/SSD_M2_SATA_1TB/usr/local/texlive/2025/texmf-dist/tex/generic/uniquec
ounter/uniquecounter.sty
Package: uniquecounter 2019/12/15 v1.4 Provide unlimited unique counter (HO)
)
Package uniquecounter Info: New unique counter `rerunfilecheck' on input line 2
85.
)
\Hy@SectionHShift=\skip51
)
(/Volumes/SSD_M2_SATA_1TB/usr/local/texlive/2025/texmf-dist/tex/latex/listings/
listings.sty
\lst@mode=\count286
\lst@gtempboxa=\box54
\lst@token=\toks22
\lst@length=\count287
\lst@currlwidth=\dimen149
\lst@column=\count288
\lst@pos=\count289
\lst@lostspace=\dimen150
\lst@width=\dimen151
\lst@newlines=\count290
\lst@lineno=\count291
\lst@maxwidth=\dimen152

(/Volumes/SSD_M2_SATA_1TB/usr/local/texlive/2025/texmf-dist/tex/latex/listings/
lstpatch.sty
File: lstpatch.sty 2024/09/23 1.10c (Carsten Heinz)
)
(/Volumes/SSD_M2_SATA_1TB/usr/local/texlive/2025/texmf-dist/tex/latex/listings/
lstmisc.sty
File: lstmisc.sty 2024/09/23 1.10c (Carsten Heinz)
\c@lstnumber=\count292
\lst@skipnumbers=\count293
\lst@framebox=\box55
)
(/Volumes/SSD_M2_SATA_1TB/usr/local/texlive/2025/texmf-dist/tex/latex/listings/
listings.cfg
File: listings.cfg 2024/09/23 1.10c listings configuration
))
Package: listings 2024/09/23 1.10c (Carsten Heinz)

(/Volumes/SSD_M2_SATA_1TB/usr/local/texlive/2025/texmf-dist/tex/latex/graphics/
color.sty
Package: color 2024/06/23 v1.3e Standard LaTeX Color (DPC)

(/Volumes/SSD_M2_SATA_1TB/usr/local/texlive/2025/texmf-dist/tex/latex/graphics-
cfg/color.cfg
File: color.cfg 2016/01/02 v1.6 sample color configuration
)
Package color Info: Driver file: pdftex.def on input line 149.

(/Volumes/SSD_M2_SATA_1TB/usr/local/texlive/2025/texmf-dist/tex/latex/graphics/
mathcolor.ltx))
(/Volumes/SSD_M2_SATA_1TB/usr/local/texlive/2025/texmf-dist/tex/latex/geometry/
geometry.sty
Package: geometry 2020/01/02 v5.9 Page Geometry

(/Volumes/SSD_M2_SATA_1TB/usr/local/texlive/2025/texmf-dist/tex/generic/iftex/i
fvtex.sty
Package: ifvtex 2019/10/25 v1.7 ifvtex legacy package. Use iftex instead.
)
\Gm@cnth=\count294
\Gm@cntv=\count295
\c@Gm@tempcnt=\count296
\Gm@bindingoffset=\dimen153
\Gm@wd@mp=\dimen154
\Gm@odd@mp=\dimen155
\Gm@even@mp=\dimen156
\Gm@layoutwidth=\dimen157
\Gm@layoutheight=\dimen158
\Gm@layouthoffset=\dimen159
\Gm@layoutvoffset=\dimen160
\Gm@dimlist=\toks23
)
(/Volumes/SSD_M2_SATA_1TB/usr/local/texlive/2025/texmf-dist/tex/latex/caption/s
ubcaption.sty
Package: subcaption 2023/07/28 v1.6b Sub-captions (AR)

(/Volumes/SSD_M2_SATA_1TB/usr/local/texlive/2025/texmf-dist/tex/latex/caption/c
aption.sty
Package: caption 2023/08/05 v3.6o Customizing captions (AR)

(/Volumes/SSD_M2_SATA_1TB/usr/local/texlive/2025/texmf-dist/tex/latex/caption/c
aption3.sty
Package: caption3 2023/07/31 v2.4d caption3 kernel (AR)
\caption@tempdima=\dimen161
\captionmargin=\dimen162
\caption@leftmargin=\dimen163
\caption@rightmargin=\dimen164
\caption@width=\dimen165
\caption@indent=\dimen166
\caption@parindent=\dimen167
\caption@hangindent=\dimen168
Package caption Info: Standard document class detected.
)
\c@caption@flags=\count297
\c@continuedfloat=\count298
Package caption Info: float package is loaded.
Package caption Info: hyperref package is loaded.
Package caption Info: listings package is loaded.
)
Package caption Info: New subtype `subfigure' on input line 238.
\c@subfigure=\count299
Package caption Info: New subtype `subtable' on input line 238.
\c@subtable=\count300
)
(/Volumes/SSD_M2_SATA_1TB/usr/local/texlive/2025/texmf-dist/tex/latex/l3backend
/l3backend-pdftex.def
File: l3backend-pdftex.def 2024-05-08 L3 backend support: PDF output (pdfTeX)
\l__color_backend_stack_int=\count301
\l__pdf_internal_box=\box56
) (./main.aux (./chapters/abstract.aux)
(./chapters/chapter1_intro.aux) (./chapters/chapter2_theory.aux)
(./chapters/chapter3_methodology.aux) (./chapters/chapter4_results.aux)
(./chapters/chapter5_conclusion.aux))
\openout1 = `main.aux'.

LaTeX Font Info:    Checking defaults for OML/cmm/m/it on input line 44.
LaTeX Font Info:    ... okay on input line 44.
LaTeX Font Info:    Checking defaults for OMS/cmsy/m/n on input line 44.
LaTeX Font Info:    ... okay on input line 44.
LaTeX Font Info:    Checking defaults for OT1/cmr/m/n on input line 44.
LaTeX Font Info:    ... okay on input line 44.
LaTeX Font Info:    Checking defaults for T1/cmr/m/n on input line 44.
LaTeX Font Info:    ... okay on input line 44.
LaTeX Font Info:    Checking defaults for TS1/cmr/m/n on input line 44.
LaTeX Font Info:    ... okay on input line 44.
LaTeX Font Info:    Checking defaults for OMX/cmex/m/n on input line 44.
LaTeX Font Info:    ... okay on input line 44.
LaTeX Font Info:    Checking defaults for U/cmr/m/n on input line 44.
LaTeX Font Info:    ... okay on input line 44.
LaTeX Font Info:    Checking defaults for T5/cmr/m/n on input line 44.
LaTeX Font Info:    ... okay on input line 44.
LaTeX Font Info:    Checking defaults for PD1/pdf/m/n on input line 44.
LaTeX Font Info:    ... okay on input line 44.
LaTeX Font Info:    Checking defaults for PU/pdf/m/n on input line 44.
LaTeX Font Info:    ... okay on input line 44.

(/Volumes/SSD_M2_SATA_1TB/usr/local/texlive/2025/texmf-dist/tex/context/base/mk
ii/supp-pdf.mkii
[Loading MPS to PDF converter (version 2006.09.02).]
\scratchcounter=\count302
\scratchdimen=\dimen169
\scratchbox=\box57
\nofMPsegments=\count303
\nofMParguments=\count304
\everyMPshowfont=\toks24
\MPscratchCnt=\count305
\MPscratchDim=\dimen170
\MPnumerator=\count306
\makeMPintoPDFobject=\count307
\everyMPtoPDFconversion=\toks25
)
(/Volumes/SSD_M2_SATA_1TB/usr/local/texlive/2025/texmf-dist/tex/latex/epstopdf-
pkg/epstopdf-base.sty
Package: epstopdf-base 2020-01-24 v2.11 Base part for package epstopdf
Package epstopdf-base Info: Redefining graphics rule for `.eps' on input line 4
85.

(/Volumes/SSD_M2_SATA_1TB/usr/local/texlive/2025/texmf-dist/tex/latex/latexconf
ig/epstopdf-sys.cfg
File: epstopdf-sys.cfg 2010/07/13 v1.3 Configuration of (r)epstopdf for TeX Liv
e
))
Package hyperref Info: Link coloring OFF on input line 44.
 (./main.out) (./main.out)
\@outlinefile=\write3
\openout3 = `main.out'.

\c@lstlisting=\count308

*geometry* driver: auto-detecting
*geometry* detected driver: pdftex
*geometry* verbose mode - [ preamble ] result:
* driver: pdftex
* paper: a4paper
* layout: <same size as paper>
* layoutoffset:(h,v)=(0.0pt,0.0pt)
* modes: 
* h-part:(L,W,R)=(72.26999pt, 452.9679pt, 72.26999pt)
* v-part:(T,H,B)=(72.26999pt, 700.50687pt, 72.26999pt)
* \paperwidth=597.50787pt
* \paperheight=845.04684pt
* \textwidth=452.9679pt
* \textheight=700.50687pt
* \oddsidemargin=0.0pt
* \evensidemargin=0.0pt
* \topmargin=-37.0pt
* \headheight=12.0pt
* \headsep=25.0pt
* \topskip=12.0pt
* \footskip=30.0pt
* \marginparwidth=35.0pt
* \marginparsep=10.0pt
* \columnsep=10.0pt
* \skip\footins=10.8pt plus 4.0pt minus 2.0pt
* \hoffset=0.0pt
* \voffset=0.0pt
* \mag=1000
* \@twocolumnfalse
* \@twosidefalse
* \@mparswitchfalse
* \@reversemarginfalse
* (1in=72.27pt=25.4mm, 1cm=28.453pt)

Package caption Info: Begin \AtBeginDocument code.
Package caption Info: End \AtBeginDocument code.
<../figure/usth.png, id=156, 1204.5pt x 602.25pt>
File: ../figure/usth.png Graphic file (type png)
<use ../figure/usth.png>
Package pdftex.def Info: ../figure/usth.png  used on input line 50.
(pdftex.def)             Requested size: 181.18439pt x 90.5909pt.
LaTeX Font Info:    External font `cmex10' loaded for size
(Font)              <12> on input line 58.
LaTeX Font Info:    External font `cmex10' loaded for size
(Font)              <8> on input line 58.
LaTeX Font Info:    External font `cmex10' loaded for size
(Font)              <6> on input line 58.


[1

{/Volumes/SSD_M2_SATA_1TB/usr/local/texlive/2025/texmf-var/fonts/map/pdftex/upd
map/pdftex.map} <../figure/usth.png>] (./main.toc


pdfTeX warning (ext4): destination with the same identifier (name{page.1}) has 
been already used, duplicate ignored
<to be read again> 
                   \relax 
l.38 ...ding Oracle Attacks}{22}{subsection.4.2.5}
                                                  % [1

])
\tf@toc=\write4
\openout4 = `main.toc'.



[2] (./main.lof)
\tf@lof=\write5
\openout5 = `main.lof'.



[3

] (./main.lot)
\tf@lot=\write6
\openout6 = `main.lot'.



[4

]
\openout2 = `chapters/abstract.aux'.

 (./chapters/abstract.tex)

[5



]
\openout2 = `chapters/chapter1_intro.aux'.

 (./chapters/chapter1_intro.tex
Chapter 1.
)

[6




]

[7]
\openout2 = `chapters/chapter2_theory.aux'.

 (./chapters/chapter2_theory.tex
Chapter 2.


[8




]

[9{/Volumes/SSD_M2_SATA_1TB/usr/local/texlive/2025/texmf-dist/fonts/enc/dvips/c
m-super/cm-super-ts1.enc}])

[10]
\openout2 = `chapters/chapter3_methodology.aux'.

 (./chapters/chapter3_methodology.tex
Chapter 3.
LaTeX Font Info:    Trying to load font information for T5+cmtt on input line 8
.

(/Volumes/SSD_M2_SATA_1TB/usr/local/texlive/2025/texmf-dist/tex/latex/vntex/t5c
mtt.fd
File: t5cmtt.fd 1999/05/25 v2.5h Standard LaTeX font definitions
)
(/Volumes/SSD_M2_SATA_1TB/usr/local/texlive/2025/texmf-dist/tex/latex/listings/
lstlang1.sty
File: lstlang1.sty 2024/09/23 1.10c listings language file
)
Package hyperref Info: bookmark level for unknown lstlisting defaults to 0 on i
nput line 10.


[11




]
<../figure/figure_1a_encryption_flow.png, id=329, 2770.35pt x 4956.5175pt>
File: ../figure/figure_1a_encryption_flow.png Graphic file (type png)
<use ../figure/figure_1a_encryption_flow.png>
Package pdftex.def Info: ../figure/figure_1a_encryption_flow.png  used on input
 line 47.
(pdftex.def)             Requested size: 362.37569pt x 648.30267pt.


[12]

[13 <../figure/figure_1a_encryption_flow.png>]
<../figure/figure_1b_decryption_flow.png, id=344, 2738.23pt x 3870.46pt>
File: ../figure/figure_1b_decryption_flow.png Graphic file (type png)
<use ../figure/figure_1b_decryption_flow.png>
Package pdftex.def Info: ../figure/figure_1b_decryption_flow.png  used on input
 line 56.
(pdftex.def)             Requested size: 362.37569pt x 512.21341pt.


[14 <../figure/figure_1b_decryption_flow.png>]
<../figure/figure_2_file_format.png, id=352, 2991.175pt x 2573.615pt>
File: ../figure/figure_2_file_format.png Graphic file (type png)
<use ../figure/figure_2_file_format.png>
Package pdftex.def Info: ../figure/figure_2_file_format.png  used on input line
 79.
(pdftex.def)             Requested size: 362.37569pt x 311.76573pt.


[15]

[16 <../figure/figure_2_file_format.png>])

[17]
\openout2 = `chapters/chapter4_results.aux'.

 (./chapters/chapter4_results.tex
Chapter 4.
<../figure/kdf_benchmark_results.png, id=383, 722.7pt x 433.62pt>
File: ../figure/kdf_benchmark_results.png Graphic file (type png)
<use ../figure/kdf_benchmark_results.png>
Package pdftex.def Info: ../figure/kdf_benchmark_results.png  used on input lin
e 13.
(pdftex.def)             Requested size: 317.07614pt x 190.24422pt.


[18




 <../figure/kdf_benchmark_results.png>]

[19]
<../figure/figure_6_statistical_diffusion.png, id=399, 1084.05pt x 361.35pt>
File: ../figure/figure_6_statistical_diffusion.png Graphic file (type png)
<use ../figure/figure_6_statistical_diffusion.png>
Package pdftex.def Info: ../figure/figure_6_statistical_diffusion.png  used on 
input line 68.
(pdftex.def)             Requested size: 317.07614pt x 105.69307pt.
<../figure/figure_5a_hex_map.png, id=401, 1947.275pt x 4783.8725pt>
File: ../figure/figure_5a_hex_map.png Graphic file (type png)
<use ../figure/figure_5a_hex_map.png>
Package pdftex.def Info: ../figure/figure_5a_hex_map.png  used on input line 82
.
(pdftex.def)             Requested size: 217.42265pt x 534.11118pt.
<../figure/figure_5b_hex_map.png, id=402, 1965.3425pt x 4783.8725pt>
File: ../figure/figure_5b_hex_map.png Graphic file (type png)
<use ../figure/figure_5b_hex_map.png>
Package pdftex.def Info: ../figure/figure_5b_hex_map.png  used on input line 89
.
(pdftex.def)             Requested size: 217.42265pt x 529.22044pt.


[20 <../figure/figure_6_statistical_diffusion.png>])

[21 <../figure/figure_5a_hex_map.png> <../figure/figure_5b_hex_map.png>]

[22]
\openout2 = `chapters/chapter5_conclusion.aux'.

 (./chapters/chapter5_conclusion.tex
Chapter 5.
)

[23




] (./main.bbl)

[24



] (./main.aux (./chapters/abstract.aux) (./chapters/chapter1_intro.aux)
(./chapters/chapter2_theory.aux) (./chapters/chapter3_methodology.aux)
(./chapters/chapter4_results.aux) (./chapters/chapter5_conclusion.aux))
 ***********
LaTeX2e <2024-11-01> patch level 2
L3 programming layer <2025-01-18>
 ***********
Package rerunfilecheck Info: File `main.out' has not changed.
(rerunfilecheck)             Checksum: C4FAD5E1E69CDFFC9496AB9E4B5B3FB0;7814.
 ) 
Here is how much of TeX's memory you used:
 14555 strings out of 473190
 238448 string characters out of 5715800
 986259 words of memory out of 5000000
 37463 multiletter control sequences out of 15000+600000
 574084 words of font info for 60 fonts, out of 8000000 for 9000
 1141 hyphenation exceptions out of 8191
 75i,9n,79p,979b,2138s stack positions out of 10000i,1000n,20000p,200000b,200000s
</Volumes/SSD_M2_SATA_1TB/usr/local/texlive/2025/texmf-dist/fonts/type1/publi
c/amsfonts/cm/cmmi12.pfb></Volumes/SSD_M2_SATA_1TB/usr/local/texlive/2025/texmf
-dist/fonts/type1/public/amsfonts/cm/cmmi8.pfb></Volumes/SSD_M2_SATA_1TB/usr/lo
cal/texlive/2025/texmf-dist/fonts/type1/public/amsfonts/cm/cmr12.pfb></Volumes/
SSD_M2_SATA_1TB/usr/local/texlive/2025/texmf-dist/fonts/type1/public/amsfonts/c
m/cmr8.pfb></Volumes/SSD_M2_SATA_1TB/usr/local/texlive/2025/texmf-dist/fonts/ty
pe1/public/amsfonts/cm/cmsy10.pfb></Volumes/SSD_M2_SATA_1TB/usr/local/texlive/2
025/texmf-dist/fonts/type1/public/amsfonts/cm/cmsy6.pfb></Volumes/SSD_M2_SATA_1
TB/usr/local/texlive/2025/texmf-dist/fonts/type1/public/amsfonts/cm/cmsy8.pfb><
/Volumes/SSD_M2_SATA_1TB/usr/local/texlive/2025/texmf-dist/fonts/type1/public/c
m-super/sfrm1200.pfb></Volumes/SSD_M2_SATA_1TB/usr/local/texlive/2025/texmf-dis
t/fonts/type1/vntex/vnr/vnbx12.pfb></Volumes/SSD_M2_SATA_1TB/usr/local/texlive/
2025/texmf-dist/fonts/type1/vntex/vnr/vnr10.pfb></Volumes/SSD_M2_SATA_1TB/usr/l
ocal/texlive/2025/texmf-dist/fonts/type1/vntex/vnr/vnr12.pfb></Volumes/SSD_M2_S
ATA_1TB/usr/local/texlive/2025/texmf-dist/fonts/type1/vntex/vnr/vnr6.pfb></Volu
mes/SSD_M2_SATA_1TB/usr/local/texlive/2025/texmf-dist/fonts/type1/vntex/vnr/vnt
i12.pfb></Volumes/SSD_M2_SATA_1TB/usr/local/texlive/2025/texmf-dist/fonts/type1
/vntex/vnr/vntt10.pfb></Volumes/SSD_M2_SATA_1TB/usr/local/texlive/2025/texmf-di
st/fonts/type1/vntex/vnr/vntt12.pfb>
Output written on main.pdf (25 pages, 1249222 bytes).
PDF statistics:
 528 PDF objects out of 1000 (max. 8388607)
 450 compressed objects within 5 object streams
 130 named destinations out of 1000 (max. 500000)
 345 words of extra memory for PDF output out of 10000 (max. 10000000)

